<html>
<body>
<pre>
<h1>礦ision Build Log</h1>
<h2>Tool Versions:</h2>
IDE-Version: μVision V5.38.0.0
Copyright (C) 2022 ARM Ltd and ARM Germany GmbH. All rights reserved.
License Information: a a, a, LIC=UJWP0-BVK1L-WFTI7-EVAQ4-3DTAQ-GAK0D
 
Tool Versions:
Toolchain:       MDK-ARM Plus  Version: 5.38.0.0
Toolchain Path:  D:\Software\Keil 5.38a\MDK5\ARM\ARMCLANG\Bin
C Compiler:      ArmClang.exe V6.19
Assembler:       Armasm.exe V6.19
Linker/Locator:  ArmLink.exe V6.19
Library Manager: ArmAr.exe V6.19
Hex Converter:   FromElf.exe V6.19
CPU DLL:         SARMCM3.DLL V5.38.0.0
Dialog DLL:      DCM.DLL V1.17.5.0
Target DLL:      CMSIS_AGDI.dll V1.33.15.0
Dialog DLL:      TCM.DLL V1.56.4.0
 
<h2>Project:</h2>
E:\车赛\车赛视觉代码\rt1064\quick\project\mdk\rt1064.uvprojx
Project File Date:  09/19/2024

<h2>Output:</h2>
*** Using Compiler 'V6.19', folder: 'D:\Software\Keil 5.38a\MDK5\ARM\ARMCLANG\Bin'
Build target 'nor_sdram_zf_dtcm'
compiling zf_common_debug.c...
compiling zf_common_clock.c...
compiling imu660ra.c...
compiling display.c...
compiling zf_common_fifo.c...
compiling zf_common_function.c...
compiling uart_for_art.c...
compiling all_init.c...
compiling main.c...
compiling isr.c...
compiling zf_common_font.c...
compiling arm.c...
compiling wireless_uart.c...
compiling images.c...
compiling car.c...
compiling zf_common_vector.c...
compiling zf_driver_adc.c...
compiling zf_driver_csi.c...
compiling zf_common_interrupt.c...
compiling zf_driver_encoder.c...
compiling zf_driver_delay.c...
compiling zf_driver_gpio.c...
compiling zf_driver_pit.c...
compiling zf_driver_flash.c...
compiling zf_driver_pwm.c...
compiling zf_driver_romapi.c...
compiling zf_driver_exti.c...
compiling zf_driver_flexio_csi.c...
compiling zf_driver_iic.c...
compiling zf_driver_sdio.c...
compiling zf_driver_soft_spi.c...
compiling zf_driver_uart.c...
compiling zf_driver_spi.c...
compiling zf_driver_timer.c...
compiling zf_driver_soft_iic.c...
compiling zf_device_imu660ra.c...
compiling zf_device_camera.c...
compiling zf_device_key.c...
compiling zf_device_mt9v03x.c...
compiling zf_device_virtual_oscilloscope.c...
compiling zf_device_ips200.c...
compiling zf_device_oled.c...
compiling zf_device_wifi_uart.c...
compiling zf_driver_usb_cdc.c...
compiling zf_device_wireless_uart.c...
compiling zf_device_type.c...
compiling fsl_adc.c...
compiling fsl_aipstz.c...
compiling fsl_adc_etc.c...
compiling fsl_bee.c...
compiling fsl_cache.c...
compiling fsl_common_arm.c...
compiling fsl_common.c...
compiling fsl_cmp.c...
compiling fsl_aoi.c...
compiling fsl_clock.c...
compiling fsl_csi.c...
compiling fsl_dcdc.c...
compiling fsl_dcp.c...
compiling fsl_dmamux.c...
compiling fsl_enc.c...
compiling fsl_elcdif.c...
compiling fsl_ewm.c...
compiling fsl_flexcan_edma.c...
compiling fsl_flexio_camera.c...
compiling fsl_edma.c...
compiling fsl_flexio.c...
compiling fsl_enet.c...
compiling fsl_flexio_camera_edma.c...
compiling fsl_flexio_i2c_master.c...
compiling fsl_flexcan.c...
compiling fsl_flexio_i2s_edma.c...
compiling fsl_flexio_i2s.c...
compiling fsl_flexio_mculcd.c...
compiling fsl_flexio_mculcd_edma.c...
compiling fsl_flexio_uart.c...
compiling fsl_flexio_spi_edma.c...
compiling fsl_flexram.c...
compiling fsl_flexio_uart_edma.c...
compiling fsl_flexram_allocate.c...
compiling fsl_flexio_spi.c...
compiling fsl_gpc.c...
compiling fsl_gpio.c...
compiling fsl_flexspi.c...
compiling fsl_gpt.c...
compiling fsl_kpp.c...
compiling fsl_lpi2c_edma.c...
compiling fsl_lpi2c.c...
compiling fsl_lpspi.c...
compiling fsl_lpspi_edma.c...
compiling fsl_lpuart_edma.c...
compiling fsl_pmu.c...
compiling fsl_lpuart.c...
compiling fsl_pit.c...
compiling fsl_ocotp.c...
compiling fsl_pwm.c...
compiling fsl_rtwdog.c...
compiling fsl_qtmr.c...
compiling fsl_pxp.c...
compiling fsl_sai.c...
compiling fsl_sai_edma.c...
compiling fsl_semc.c...
compiling fsl_snvs_hp.c...
compiling fsl_snvs_lp.c...
compiling fsl_spdif.c...
compiling fsl_tempmon.c...
compiling fsl_tsc.c...
compiling fsl_src.c...
compiling fsl_trng.c...
compiling fsl_spdif_edma.c...
compiling fsl_wdog.c...
compiling fsl_xbara.c...
compiling fsl_usdhc.c...
compiling fsl_xbarb.c...
compiling clock_config.c...
compiling evkmimxrt1064_sdram_ini_dcd.c...
compiling board.c...
compiling fsl_flexspi_nor_boot.c...
compiling evkmimxrt1064_flexspi_nor_config.c...
compiling fsl_assert.c...
compiling fsl_component_generic_list.c...
compiling system_MIMXRT1064.c...
compiling ffsystem.c...
compiling fsl_os_abstraction_bm.c...
compiling fsl_adapter_lpuart.c...
compiling diskio.c...
compiling ffunicode.c...
compiling fsl_debug_console.c...
compiling ff.c...
compiling sdmmc_config.c...
compiling fsl_sd_disk.c...
compiling fsl_sdmmc_common.c...
compiling fsl_sdmmc_osa.c...
compiling fsl_sdmmc_host.c...
compiling usb_phy.c...
compiling usb_device_dci.c...
compiling usb_device_descriptor.c...
compiling usb_device_class.c...
compiling usb_device_ehci.c...
compiling usb_device_cdc_acm.c...
compiling clock.c...
compiling usb_device_ch9.c...
compiling components.c...
compiling fsl_sd.c...
compiling cpu.c...
compiling device.c...
compiling idle.c...
compiling irq.c...
compiling ipc.c...
compiling mem.c...
compiling kservice.c...
compiling memheap.c...
compiling signal.c...
compiling slab.c...
compiling mempool.c...
compiling thread.c...
compiling object.c...
compiling scheduler.c...
compiling timer.c...
compiling finsh_error.c...
compiling cmd.c...
compiling finsh_heap.c...
compiling finsh_compiler.c...
compiling finsh_init.c...
compiling finsh_node.c...
../../libraries/rttherad_libraries/components/finsh/finsh_ops.c(450): warning: passing arguments to a function without a prototype is deprecated in all versions of C and is not supported in C2x [-Wdeprecated-non-prototype]
        r = f(0);
             ^
../../libraries/rttherad_libraries/components/finsh/finsh_ops.c(454): warning: passing arguments to a function without a prototype is deprecated in all versions of C and is not supported in C2x [-Wdeprecated-non-prototype]
        r = f(parameterv[0]);
             ^
../../libraries/rttherad_libraries/components/finsh/finsh_ops.c(458): warning: passing arguments to a function without a prototype is deprecated in all versions of C and is not supported in C2x [-Wdeprecated-non-prototype]
        r = f(parameterv[0], parameterv[1]);
             ^
../../libraries/rttherad_libraries/components/finsh/finsh_ops.c(462): warning: passing arguments to a function without a prototype is deprecated in all versions of C and is not supported in C2x [-Wdeprecated-non-prototype]
        r = f(parameterv[0], parameterv[1], parameterv[2]);
             ^
../../libraries/rttherad_libraries/components/finsh/finsh_ops.c(466): warning: passing arguments to a function without a prototype is deprecated in all versions of C and is not supported in C2x [-Wdeprecated-non-prototype]
        r = f(parameterv[0], parameterv[1], parameterv[2], parameterv[3]);
             ^
../../libraries/rttherad_libraries/components/finsh/finsh_ops.c(470): warning: passing arguments to a function without a prototype is deprecated in all versions of C and is not supported in C2x [-Wdeprecated-non-prototype]
        r = f(parameterv[0], parameterv[1], parameterv[2], parameterv[3],
             ^
../../libraries/rttherad_libraries/components/finsh/finsh_ops.c(475): warning: passing arguments to a function without a prototype is deprecated in all versions of C and is not supported in C2x [-Wdeprecated-non-prototype]
        r = f(parameterv[0], parameterv[1], parameterv[2], parameterv[3],
             ^
../../libraries/rttherad_libraries/components/finsh/finsh_ops.c(480): warning: passing arguments to a function without a prototype is deprecated in all versions of C and is not supported in C2x [-Wdeprecated-non-prototype]
        r = f(parameterv[0], parameterv[1], parameterv[2], parameterv[3],
             ^
../../libraries/rttherad_libraries/components/finsh/finsh_ops.c(485): warning: passing arguments to a function without a prototype is deprecated in all versions of C and is not supported in C2x [-Wdeprecated-non-prototype]
        r = f(parameterv[0], parameterv[1], parameterv[2], parameterv[3],
             ^
../../libraries/rttherad_libraries/components/finsh/finsh_ops.c(490): warning: passing arguments to a function without a prototype is deprecated in all versions of C and is not supported in C2x [-Wdeprecated-non-prototype]
        r = f(parameterv[0], parameterv[1], parameterv[2], parameterv[3],
             ^
../../libraries/rttherad_libraries/components/finsh/finsh_ops.c(496): warning: passing arguments to a function without a prototype is deprecated in all versions of C and is not supported in C2x [-Wdeprecated-non-prototype]
        r = f(parameterv[0], parameterv[1], parameterv[2], parameterv[3],
             ^
../../libraries/rttherad_libraries/components/finsh/finsh_ops.c(502): warning: passing arguments to a function without a prototype is deprecated in all versions of C and is not supported in C2x [-Wdeprecated-non-prototype]
        r = f(parameterv[0], parameterv[1], parameterv[2], parameterv[3],
             ^
../../libraries/rttherad_libraries/components/finsh/finsh_ops.c(508): warning: passing arguments to a function without a prototype is deprecated in all versions of C and is not supported in C2x [-Wdeprecated-non-prototype]
        r = f(parameterv[0], parameterv[1], parameterv[2], parameterv[3],
             ^
../../libraries/rttherad_libraries/components/finsh/finsh_ops.c(514): warning: passing arguments to a function without a prototype is deprecated in all versions of C and is not supported in C2x [-Wdeprecated-non-prototype]
        r = f(parameterv[0], parameterv[1], parameterv[2], parameterv[3],
             ^
../../libraries/rttherad_libraries/components/finsh/finsh_ops.c(521): warning: passing arguments to a function without a prototype is deprecated in all versions of C and is not supported in C2x [-Wdeprecated-non-prototype]
        r = f(parameterv[0], parameterv[1], parameterv[2], parameterv[3],
             ^
../../libraries/rttherad_libraries/components/finsh/finsh_ops.c(528): warning: passing arguments to a function without a prototype is deprecated in all versions of C and is not supported in C2x [-Wdeprecated-non-prototype]
        r = f(parameterv[0], parameterv[1], parameterv[2], parameterv[3],
             ^
../../libraries/rttherad_libraries/components/finsh/finsh_ops.c(535): warning: passing arguments to a function without a prototype is deprecated in all versions of C and is not supported in C2x [-Wdeprecated-non-prototype]
        r = f(parameterv[0], parameterv[1], parameterv[2], parameterv[3],
             ^
17 warnings generated.
compiling finsh_ops.c...
compiling finsh_parser.c...
compiling finsh_var.c...
compiling finsh_token.c...
compiling finsh_vm.c...
compiling msh_file.c...
compiling msh.c...
compiling symbol.c...
compiling shell.c...
compiling cpuport.c...
compiling cpu_cache.c...
linking...
Program Size: Code=138264 RO-data=21552 RW-data=624 ZI-data=459152  
".\Objects\rt1064.axf" - 0 Error(s), 17 Warning(s).

<h2>Software Packages used:</h2>

Package Vendor: NXP
                https://mcuxpresso.nxp.com/cmsis_pack/repo/NXP.MIMXRT1064_DFP.15.0.0.pack
                NXP.MIMXRT1064_DFP.15.0.0
                Device Family Pack for MIMXRT1064

<h2>Collection of Component include folders:</h2>
  D:/Software/Keil 5.38a/PACK/NXP/MIMXRT1064_DFP/15.0.0

<h2>Collection of Component Files used:</h2>
Build Time Elapsed:  00:00:16
</pre>
</body>
</html>
