<html>
<body>
<pre>
<h1>µVision Build Log</h1>
<h2>Tool Versions:</h2>
IDE-Version: ¦ÌVision V5.38.0.0
Copyright (C) 2022 ARM Ltd and ARM Germany GmbH. All rights reserved.
License Information: ·ç 1525418021@qq.com, ·ç, LIC=21E4T-R3K16-Y8BFK-Z9QCN-92MWQ-K4L0Q
 
Tool Versions:
Toolchain:       MDK-ARM Plus  Version: 5.38.0.0
Toolchain Path:  C:\Software\Keil v5.38a\Keil5 v5.38\ARM\ARMCLANG\Bin
C Compiler:      ArmClang.exe V6.19
Assembler:       Armasm.exe V6.19
Linker/Locator:  ArmLink.exe V6.19
Library Manager: ArmAr.exe V6.19
Hex Converter:   FromElf.exe V6.19
CPU DLL:         
Dialog DLL:      
Target DLL:      CMSIS_AGDI_V8M.DLL V1.7.20.0
Dialog DLL:      TCM.DLL V1.56.4.0
 
<h2>Project:</h2>
C:\Users\15254\Desktop\MCX_Vision_Library-master\MCX_Vision_Library-master\¡¾Àý³Ì¡¿Example\E08_mcx_vision_object_detection_demo\project\mdk\mcx_vision_board.uvprojx
Project File Date:  05/17/2024

<h2>Output:</h2>
*** Using Compiler 'V6.19', folder: 'C:\Software\Keil v5.38a\Keil5 v5.38\ARM\ARMCLANG\Bin'
Build target 'mcx_vision_board'
compiling main.cpp...
compiling zf_device_scc8660.c...
compiling zf_driver_delay.c...
compiling zf_driver_uart.c...
compiling zf_driver_sd.c...
compiling zf_board_init.c...
compiling zf_device_ips200.c...
compiling zf_driver_soft_iic.c...
compiling zf_model_process.cpp...
linking...
Program Size: Code=150972 RO-data=266608 RW-data=216176 ZI-data=209196  
".\Objects\mcx_vision_board.axf" - 0 Error(s), 0 Warning(s).

<h2>Software Packages used:</h2>

Package Vendor: NXP
                https://mcuxpresso.nxp.com/cmsis_pack/repo/NXP.MCXN947_DFP.17.0.0.pack
                NXP.MCXN947_DFP.17.0.0
                Device Family Pack for MCXN947

<h2>Collection of Component include folders:</h2>
  C:/Software/Keil v5.38a/Packs/NXP/MCXN947_DFP/17.0.0/devices/MCXN947

<h2>Collection of Component Files used:</h2>
Build Time Elapsed:  00:00:05
</pre>
</body>
</html>
